[00:01:28] [main/INFO]: Loading Minecraft 1.21.8 with Fabric Loader 0.16.14
[00:01:28] [main/INFO]: Loading 43 mods:
	- fabric-api 0.132.0+1.21.8
	   |-- fabric-api-base 0.5.0+cd8c0daa2c
	   |-- fabric-api-lookup-api-v1 1.6.101+946bf4c32c
	   |-- fabric-biome-api-v1 16.0.11+946bf4c32c
	   |-- fabric-block-api-v1 1.1.3+946bf4c32c
	   |-- fabric-block-view-api-v2 1.0.31+946bf4c32c
	   |-- fabric-command-api-v2 2.3.1+52fff9ec2c
	   |-- fabric-content-registries-v0 10.0.19+946bf4c32c
	   |-- fabric-convention-tags-v1 2.1.41+7f945d5b2c
	   |-- fabric-convention-tags-v2 2.15.6+eb5df52f2c
	   |-- fabric-crash-report-info-v1 0.3.15+946bf4c32c
	   |-- fabric-data-attachment-api-v1 1.8.12+38b5f74e2c
	   |-- fabric-data-generation-api-v1 23.2.6+0b1ef9762c
	   |-- fabric-dimensions-v1 4.0.19+946bf4c32c
	   |-- fabric-entity-events-v1 2.1.2+c9e472732c
	   |-- fabric-events-interaction-v0 4.0.24+946bf4c32c
	   |-- fabric-game-rule-api-v1 1.0.73+c64c9c5b2c
	   |-- fabric-item-api-v1 11.5.0+02ce13f42c
	   |-- fabric-item-group-api-v1 4.2.14+c5f9bbc12c
	   |-- fabric-key-binding-api-v1 1.0.65+946bf4c32c
	   |-- fabric-lifecycle-events-v1 2.6.4+db4dfd852c
	   |-- fabric-loot-api-v2 3.0.56+3f89f5a52c
	   |-- fabric-loot-api-v3 2.0.3+946bf4c32c
	   |-- fabric-message-api-v1 6.1.2+946bf4c32c
	   |-- fabric-model-loading-api-v1 5.2.6+946bf4c32c
	   |-- fabric-networking-api-v1 5.0.2+946bf4c32c
	   |-- fabric-object-builder-api-v1 21.1.8+946bf4c32c
	   |-- fabric-particles-v1 4.1.8+946bf4c32c
	   |-- fabric-recipe-api-v1 8.1.15+946bf4c32c
	   |-- fabric-registry-sync-v0 6.1.28+946bf4c32c
	   |-- fabric-renderer-api-v1 7.0.3+208eed172c
	   |-- fabric-renderer-indigo 4.0.3+946bf4c32c
	   |-- fabric-rendering-fluids-v1 3.1.31+fa6cb72b2c
	   |-- fabric-rendering-v1 12.5.0+fbe231d52c
	   |-- fabric-resource-conditions-api-v1 5.0.25+98e6d6db2c
	   |-- fabric-resource-loader-v0 3.1.12+020423442c
	   |-- fabric-screen-api-v1 2.1.1+277ecf7d2c
	   |-- fabric-screen-handler-api-v1 1.3.137+946bf4c32c
	   |-- fabric-serialization-api-v1 1.0.0+fc0e5aba2c
	   |-- fabric-sound-api-v1 1.0.42+946bf4c32c
	   |-- fabric-tag-api-v1 1.2.2+946bf4c32c
	   |-- fabric-transfer-api-v1 6.0.6+946bf4c32c
	   \-- fabric-transitive-access-wideners-v1 6.4.1+ac3e15d12c
	- fabricloader 0.16.14
	   \-- mixinextras 0.4.1
	- fabrictailor 2.8.0
	   |-- config2brigadier 2.1.0
	   |    \-- fabric-permissions-api-v0 0.4.1
	   \-- fabric-permissions-api-v0 0.4.1
	- java 21
	- minecraft 1.21.8
[00:01:28] [main/INFO]: SpongePowered MIXIN Subsystem Version=0.8.7 Source=file:/workspaces/dsadsafsafas/servidor_minecraft/libraries/net/fabricmc/sponge-mixin/0.15.5+mixin.0.8.7/sponge-mixin-0.15.5+mixin.0.8.7.jar Service=Knot/Fabric Env=SERVER
[00:01:29] [main/INFO]: Compatibility level set to JAVA_21
[00:01:30] [main/INFO]: Initializing MixinExtras via com.llamalad7.mixinextras.service.MixinExtrasServiceImpl(version=0.4.1).
[00:01:37] [main/INFO]: Environment: Environment[sessionHost=https://sessionserver.mojang.com, servicesHost=https://api.minecraftservices.com, name=PROD]
[00:01:41] [main/INFO]: Loaded 1407 recipes
[00:01:41] [main/INFO]: Loaded 1573 advancements
[00:01:42] [main/INFO]: Applied 0 biome modifications to 0 of 65 new biomes in 1.448 ms
[00:01:42] [Server thread/INFO]: Starting minecraft server version 1.21.8
[00:01:42] [Server thread/INFO]: Loading properties
[00:01:42] [Server thread/INFO]: Default game type: SURVIVAL
[00:01:42] [Server thread/INFO]: Generating keypair
[00:01:42] [Server thread/INFO]: Starting Minecraft server on *:25565
[00:01:42] [Server thread/INFO]: Using epoll channel type
[00:01:42] [Server thread/WARN]: **** SERVER IS RUNNING IN OFFLINE/INSECURE MODE!
[00:01:42] [Server thread/WARN]: The server will make no attempt to authenticate usernames. Beware.
[00:01:42] [Server thread/WARN]: While this makes the game possible to play without internet access, it also opens up the ability for hackers to connect with any username they choose.
[00:01:42] [Server thread/WARN]: To change this, set "online-mode" to "true" in the server.properties file.
[00:01:42] [Server thread/INFO]: Preparing level "world"
[00:01:42] [Server thread/INFO]: Preparing start region for dimension minecraft:overworld
[00:01:49] [Worker-Main-3/INFO]: Preparing spawn area: 0%
[00:01:49] [Worker-Main-3/INFO]: Preparing spawn area: 0%
[00:01:49] [Worker-Main-3/INFO]: Preparing spawn area: 0%
[00:01:49] [Worker-Main-3/INFO]: Preparing spawn area: 0%
[00:01:49] [Worker-Main-3/INFO]: Preparing spawn area: 0%
[00:01:49] [Worker-Main-3/INFO]: Preparing spawn area: 0%
[00:01:49] [Worker-Main-3/INFO]: Preparing spawn area: 0%
[00:01:49] [Worker-Main-3/INFO]: Preparing spawn area: 0%
[00:01:49] [Worker-Main-3/INFO]: Preparing spawn area: 0%
[00:01:49] [Worker-Main-3/INFO]: Preparing spawn area: 0%
[00:01:49] [Worker-Main-3/INFO]: Preparing spawn area: 0%
[00:01:49] [Worker-Main-3/INFO]: Preparing spawn area: 0%
[00:01:49] [Worker-Main-3/INFO]: Preparing spawn area: 0%
[00:01:49] [Worker-Main-2/INFO]: Preparing spawn area: 14%
[00:01:49] [Worker-Main-2/INFO]: Preparing spawn area: 51%
[00:01:50] [Server thread/INFO]: Time elapsed: 7303 ms
[00:01:50] [Server thread/INFO]: Done (7.729s)! For help, type "help"
[00:02:10] [Server thread/INFO]: Cacharro7[/127.176.38.27:59501] logged in with entity id 6 at (374.76249998807907, 65.0, -690.7381300247422)
[00:02:10] [Server thread/INFO]: Cacharro7 joined the game
[00:03:14] [Server thread/WARN]: Mismatch in destroy block pos: class_2338{x=353, y=64, z=-690} class_2338{x=353, y=62, z=-690}
[00:03:21] [Server thread/INFO]: Cacharro7 lost connection: Disconnected
[00:03:21] [Server thread/INFO]: Cacharro7 left the game
[00:03:33] [Server thread/INFO]: Cacharro7[/127.176.38.27:53301] logged in with entity id 786 at (340.7692415313373, 64.0, -683.4762311113435)
[00:03:33] [Server thread/INFO]: Cacharro7 joined the game
[00:07:29] [Server thread/WARN]: Mismatch in destroy block pos: class_2338{x=396, y=67, z=-701} class_2338{x=398, y=66, z=-699}
[00:10:53] [Server thread/WARN]: Mismatch in destroy block pos: class_2338{x=371, y=65, z=-785} class_2338{x=371, y=63, z=-785}
[00:10:53] [Server thread/WARN]: Mismatch in destroy block pos: class_2338{x=371, y=65, z=-785} class_2338{x=371, y=63, z=-785}
[00:11:11] [Server thread/INFO]: ZyberXMC[/127.36.197.25:37929] logged in with entity id 3462 at (294.369741481449, 70.0, -828.2231664948984)
[00:11:11] [Server thread/INFO]: ZyberXMC joined the game
[00:11:16] [Server thread/INFO]: [Not Secure] <Cacharro7> crygga
